// Jest Snapshot v1, https://goo.gl/fbAQLP

exports[`Topic Carousel Matches the snapshot 1`] = `
<div>
  <div
    class="
    topics-carousel 
    flex 
    items-center
    mx-auto 
    md:max-w-3xl 
    lg:max-w-3xl 
    xl:max-w-6xl
    mb-6
    md:mb-8
  "
  >
    <button
      aria-label="Click to scroll left"
      class="mr-4 shrink-0 rounded-full border items-center justify-center w-12 h-12 focus-visible:ring-2 focus-visible:ring-offset-4 focus-visible:outline-indigo focus-visible:ring-cornflower/50 hidden lg:flex"
      type="button"
    >
      <img
        src="/images/left-arrow.svg"
      />
    </button>
    <ul
      class="
    flex
    items-center
    overflow-x-auto 
    h-16 
    scrollbar-thin
    padding-0
    scroll-smooth
  "
      role="list"
    >
      <li
        aria-label="All"
        class="
    bg-gray-50
    h-10
    flex
    justify-center
    items-center
    pb-[2px]
    px-4
    text-md 
    cursor-pointer 
    rounded-full 
    text-center 
    font-bold 
    shrink-0
    mr-4
    hover:bg-gray-100
    focus:bg-gray-100
    focus:outline-black
    border
    hover:border-black
    transition-all
    list-none
   
    text-black
  "
        role="listitem"
        tabindex="0"
      >
        All
      </li>
      <li
        aria-label="Exercise"
        class="
    bg-gray-50
    h-10
    flex
    justify-center
    items-center
    pb-[2px]
    px-4
    text-md 
    cursor-pointer 
    rounded-full 
    text-center 
    font-bold 
    shrink-0
    mr-4
    hover:bg-gray-100
    focus:bg-gray-100
    focus:outline-black
    border
    hover:border-black
    transition-all
    list-none
   
    !bg-black
    text-white
    border-black
  "
        role="listitem"
        tabindex="0"
      >
        Exercise
      </li>
      <li
        aria-label="Nutrition"
        class="
    bg-gray-50
    h-10
    flex
    justify-center
    items-center
    pb-[2px]
    px-4
    text-md 
    cursor-pointer 
    rounded-full 
    text-center 
    font-bold 
    shrink-0
    mr-4
    hover:bg-gray-100
    focus:bg-gray-100
    focus:outline-black
    border
    hover:border-black
    transition-all
    list-none
   
    text-black
  "
        role="listitem"
        tabindex="0"
      >
        Nutrition
      </li>
      <li
        aria-label="Water"
        class="
    bg-gray-50
    h-10
    flex
    justify-center
    items-center
    pb-[2px]
    px-4
    text-md 
    cursor-pointer 
    rounded-full 
    text-center 
    font-bold 
    shrink-0
    mr-4
    hover:bg-gray-100
    focus:bg-gray-100
    focus:outline-black
    border
    hover:border-black
    transition-all
    list-none
   
    text-black
  "
        role="listitem"
        tabindex="0"
      >
        Water
      </li>
      <li
        aria-label="Sunshine"
        class="
    bg-gray-50
    h-10
    flex
    justify-center
    items-center
    pb-[2px]
    px-4
    text-md 
    cursor-pointer 
    rounded-full 
    text-center 
    font-bold 
    shrink-0
    mr-4
    hover:bg-gray-100
    focus:bg-gray-100
    focus:outline-black
    border
    hover:border-black
    transition-all
    list-none
   
    text-black
  "
        role="listitem"
        tabindex="0"
      >
        Sunshine
      </li>
      <li
        aria-label="Rest"
        class="
    bg-gray-50
    h-10
    flex
    justify-center
    items-center
    pb-[2px]
    px-4
    text-md 
    cursor-pointer 
    rounded-full 
    text-center 
    font-bold 
    shrink-0
    mr-4
    hover:bg-gray-100
    focus:bg-gray-100
    focus:outline-black
    border
    hover:border-black
    transition-all
    list-none
   
    text-black
  "
        role="listitem"
        tabindex="0"
      >
        Rest
      </li>
      <li
        aria-label="Temperance"
        class="
    bg-gray-50
    h-10
    flex
    justify-center
    items-center
    pb-[2px]
    px-4
    text-md 
    cursor-pointer 
    rounded-full 
    text-center 
    font-bold 
    shrink-0
    mr-4
    hover:bg-gray-100
    focus:bg-gray-100
    focus:outline-black
    border
    hover:border-black
    transition-all
    list-none
   
    text-black
  "
        role="listitem"
        tabindex="0"
      >
        Temperance
      </li>
      <li
        aria-label="Trust In God"
        class="
    bg-gray-50
    h-10
    flex
    justify-center
    items-center
    pb-[2px]
    px-4
    text-md 
    cursor-pointer 
    rounded-full 
    text-center 
    font-bold 
    shrink-0
    mr-4
    hover:bg-gray-100
    focus:bg-gray-100
    focus:outline-black
    border
    hover:border-black
    transition-all
    list-none
   
    text-black
  "
        role="listitem"
        tabindex="0"
      >
        Trust In God
      </li>
      <li
        aria-label="Fresh Air"
        class="
    bg-gray-50
    h-10
    flex
    justify-center
    items-center
    pb-[2px]
    px-4
    text-md 
    cursor-pointer 
    rounded-full 
    text-center 
    font-bold 
    shrink-0
    mr-4
    hover:bg-gray-100
    focus:bg-gray-100
    focus:outline-black
    border
    hover:border-black
    transition-all
    list-none
   
    text-black
  "
        role="listitem"
        tabindex="0"
      >
        Fresh Air
      </li>
    </ul>
    <button
      aria-label="Click to scroll right"
      class="ml-4 shrink-0 rounded-full border items-center justify-center w-12 h-12 focus-visible:ring-2 focus-visible:ring-offset-4 focus-visible:outline-indigo focus-visible:ring-cornflower/50 hidden lg:flex"
      type="button"
    >
      <img
        src="/images/right-arrow.svg"
      />
    </button>
  </div>
</div>
`;
